2024-11-04 09:51:33 ::info ::/ ::e631f992-abdc-4a28-a74f-2c2b62cee397 ::Received request :: GET :: ::{} 
2024-11-04 09:51:33 ::error ::/ ::e631f992-abdc-4a28-a74f-2c2b62cee397 ::400 - 0ms - Response : {"status":400}::{"message":"Lỗi kết nối "} 
2024-11-04 09:51:59 ::info ::/ ::68c17fa7-7850-4ba5-aec2-afa66ebd6473 ::Received request :: GET :: ::{} 
2024-11-04 09:51:59 ::error ::/ ::68c17fa7-7850-4ba5-aec2-afa66ebd6473 ::400 - 0ms - Response : {"status":400}::{"message":"Lỗi kết nối "} 
2024-11-04 09:52:34 ::info ::/ ::06f1f018-e410-4f87-8203-35c96d47c24c ::Received request :: GET :: ::{} 
2024-11-04 09:52:34 ::error ::/ ::06f1f018-e410-4f87-8203-35c96d47c24c ::400 - 0ms - Response : {"status":400}::{"message":"Lỗi kết nối "} 
2024-11-04 09:55:57 ::info ::/ ::de0833ed-5567-47f7-955f-a5218f283ae9 ::Received request :: GET :: ::{} 
2024-11-04 09:55:57 ::error ::/ ::de0833ed-5567-47f7-955f-a5218f283ae9 ::400 - 0ms - Response : {"status":400}::{"message":"Lỗi kết nối "} 
2024-11-04 09:56:46 ::info ::/ ::aa241242-2e91-4911-a78b-5fe095c6b864 ::Received request :: GET :: ::{} 
2024-11-04 09:56:46 ::error ::/ ::aa241242-2e91-4911-a78b-5fe095c6b864 ::400 - 1ms - Response : {"status":400}::{"message":"Lỗi kết nối "} 
2024-11-04 10:03:23 ::info ::/ ::ced6cc0a-58c1-4a22-aeca-3e12706f726d ::Received request :: GET :: ::{} 
2024-11-04 10:03:23 ::error ::/ ::ced6cc0a-58c1-4a22-aeca-3e12706f726d ::400 - 1ms - Response : {"status":400}  ::{"message":"Lỗi kết nối "} 
2024-11-04 10:08:10 ::info ::/ ::9452b88f-7cd8-4ad6-924a-598fe0af18e5 ::Received request :: GET ::{} 
2024-11-04 10:08:10 ::error ::/ ::9452b88f-7cd8-4ad6-924a-598fe0af18e5 ::400 - 1ms - Response : {"status":400}  ::{"message":"Lỗi kết nối "} 
2024-11-04 10:08:51 ::info ::/ ::36a2611c-496e-426e-8701-11d8c03a4449 ::Received request :: GET ::::{} 
2024-11-04 10:08:51 ::error ::/ ::36a2611c-496e-426e-8701-11d8c03a4449 ::400 - 2ms - Response : {"status":400}  ::{"message":"Lỗi kết nối "} 
2024-11-04 10:09:14 ::info ::/ ::5040b89c-bd55-4f25-8b6b-437b72ad7cc8 ::Received request :: GET ::::{} 
2024-11-04 10:09:14 ::error ::/ ::5040b89c-bd55-4f25-8b6b-437b72ad7cc8 ::400 - 1ms - Response :: {"status":400}  ::{"message":"Lỗi kết nối "} 
2024-11-04 10:13:01 ::info ::/ ::ea13b897-445c-4f2f-b23e-934a2e17b7ba ::Received request :: GET ::::{} 
2024-11-04 10:13:01 ::error ::/ ::ea13b897-445c-4f2f-b23e-934a2e17b7ba ::400 - 1ms - Response :: {"status":400}  ::{"message":{"status":400}} 
2024-11-04 10:13:31 ::info ::/ ::06d86ab5-2b0a-41da-a874-9297077b7e03 ::Received request :: GET ::::{} 
2024-11-04 10:13:31 ::error ::/ ::06d86ab5-2b0a-41da-a874-9297077b7e03 ::400 - 2ms - Response :: {"status":400}  ::{"message":"Lỗi kết nối "} 
2024-11-04 10:51:10 ::info ::/ ::dd91b8a6-04c2-42bf-b9ae-4b17e055d146 ::Received request :: GET ::::{} 
2024-11-04 10:51:10 ::error ::/ ::dd91b8a6-04c2-42bf-b9ae-4b17e055d146 ::undefined - 1ms - Response :: {}  ::{"message":"Class constructor ForbiddenError cannot be invoked without 'new'"} 
2024-11-04 10:52:05 ::info ::/ ::603dff02-12ac-4f1d-9270-9149c4109b56 ::Received request :: GET ::::{} 
2024-11-04 10:52:05 ::error ::/ ::603dff02-12ac-4f1d-9270-9149c4109b56 ::403 - 0ms - Response :: {"status":403}  ::{"message":"[object Object]"} 
2024-11-04 10:52:22 ::info ::/ ::b42994c7-1c9d-47ab-a7f3-36d928b3b24e ::Received request :: GET ::::{} 
2024-11-04 10:52:22 ::error ::/ ::b42994c7-1c9d-47ab-a7f3-36d928b3b24e ::403 - 0ms - Response :: {"status":403}  ::{"message":"[object Object]"} 
2024-11-04 10:55:00 ::info ::/ ::87eb7388-76bc-4bca-9082-6dc8fdb5301c ::Received request :: GET ::::{} 
2024-11-04 10:55:00 ::error ::/ ::87eb7388-76bc-4bca-9082-6dc8fdb5301c ::403 - 1ms - Response :: {"status":403}  ::{"message":"Forbidden ApiKey Error"} 
2024-11-04 10:57:24 ::info ::/ ::8dfb29fa-5fd8-4b79-9876-8972972596bb ::Received request :: GET ::::{} 
2024-11-04 10:57:24 ::error ::/ ::8dfb29fa-5fd8-4b79-9876-8972972596bb ::403 - 39ms - Response :: {"status":403}  ::{"message":"Forbidden ApiKey Error"} 
2024-11-04 10:58:15 ::info ::/ ::89f7603a-9535-40c1-a436-12377d906b12 ::Received request :: GET ::::{} 
2024-11-04 10:58:18 ::info ::/ ::9bca4e74-2fe2-41c5-a15a-bc6dbb249385 ::Received request :: GET ::::{} 
2024-11-04 10:58:19 ::info ::/ ::af52c306-9d82-4df4-b384-ebd27d0d8d52 ::Received request :: GET ::::{} 
2024-11-04 10:58:28 ::info ::/ ::113b8e4c-acd1-49d5-ab0c-3a8db2fcaca7 ::Received request :: GET ::::{} 
2024-11-04 11:01:21 ::info ::/ ::3eb0e618-5e89-4764-8c11-eb0044575fc8 ::Received request :: GET ::::{} 
2024-11-04 11:08:31 ::info ::/ ::6b5dd571-59db-4f73-a36b-68a68a374391 ::Received request :: GET ::::{} 
