2025-01-17 03:23:00 ::info ::/v1/api/shops/login ::972be486-bb9e-4134-bbaa-57ffb8154f7f ::Received request :: POST ::::{"email":"shop01@gmail.com","password":"***REDACTED***"} 
2025-01-17 03:23:54 ::info ::/v1/api/shops/refresh-token ::e3e183b4-49db-40b4-9309-0cbabef61ced ::Received request :: POST ::::{} 
2025-01-17 03:24:37 ::info ::/v1/api/shops/refresh-token ::6d563462-e397-477e-b72d-657b379460f5 ::Received request :: POST ::::{} 
2025-01-17 03:24:37 ::error ::/v1/api/shops/refresh-token ::6d563462-e397-477e-b72d-657b379460f5 ::undefined - 12ms - Response :: {"stringValue":"\"{ user: '678824461980e75cb6f8a37b' }\"","valueType":"Object","kind":"ObjectId","value":{"user":"678824461980e75cb6f8a37b"},"path":"_id","reason":{},"name":"CastError","message":"Cast to ObjectId failed for value \"{ user: '678824461980e75cb6f8a37b' }\" (type Object) at path \"_id\" for model \"KeyToken\""}  ::{"message":"Cast to ObjectId failed for value \"{ user: '678824461980e75cb6f8a37b' }\" (type Object) at path \"_id\" for model \"KeyToken\""} 
2025-01-17 03:34:34 ::info ::/v1/api/shops/refresh-token ::688462c2-fec3-4291-a265-7b81dc05bd39 ::Received request :: POST ::::{} 
2025-01-17 03:34:34 ::error ::/v1/api/shops/refresh-token ::688462c2-fec3-4291-a265-7b81dc05bd39 ::403 - 63ms - Response :: {"status":403}  ::{"message":"Something wrong happen !! Please re-login"} 
2025-01-17 03:38:38 ::info ::/v1/api/shops/login ::1cf2543e-15e2-44ba-8315-e94350ba2596 ::Received request :: POST ::::{"email":"shop01@gmail.com","password":"***REDACTED***"} 
2025-01-17 03:44:24 ::info ::/v1/api/shops/login ::fb489903-1923-4f60-ae3c-4d168fcdb49b ::Received request :: POST ::::{"email":"shop01@gmail.com","password":"***REDACTED***"} 
2025-01-17 03:44:24 ::error ::/v1/api/shops/login ::fb489903-1923-4f60-ae3c-4d168fcdb49b ::undefined - 133ms - Response :: {"stringValue":"\"{\n  userId: '678824461980e75cb6f8a37b',\n  publicKey: 'ea1d617b396020b37b5aece28dcbfa5f',\n  privateKey: '7d54eee6a7c43e8a22b9765ace17f0b0',\n  refreshToken: 'eyJhbGciOiJIUzI1NiIsInR5cCI6IkpXVCJ9.eyJ1c2VySWQiOiI2Nzg4MjQ0NjE5ODBlNzVjYjZmOGEzN2IiLCJlbWFpbCI6InNob3AwMUBnbWFpbC5jb20iLCJpYXQiOjE3MzcwNjAyNjQsImV4cCI6MTczNzIzMzA2NH0.hXOKByyRdIl-FRPk_5Pl3Pr76L73gC12cg6VOgskJqY'\n}\"","valueType":"Object","kind":"ObjectId","value":{"userId":"678824461980e75cb6f8a37b","publicKey":"ea1d617b396020b37b5aece28dcbfa5f","privateKey":"7d54eee6a7c43e8a22b9765ace17f0b0","refreshToken":"eyJhbGciOiJIUzI1NiIsInR5cCI6IkpXVCJ9.eyJ1c2VySWQiOiI2Nzg4MjQ0NjE5ODBlNzVjYjZmOGEzN2IiLCJlbWFpbCI6InNob3AwMUBnbWFpbC5jb20iLCJpYXQiOjE3MzcwNjAyNjQsImV4cCI6MTczNzIzMzA2NH0.hXOKByyRdIl-FRPk_5Pl3Pr76L73gC12cg6VOgskJqY"},"path":"user","reason":{},"name":"CastError","message":"Cast to ObjectId failed for value \"{\n  userId: '678824461980e75cb6f8a37b',\n  publicKey: 'ea1d617b396020b37b5aece28dcbfa5f',\n  privateKey: '7d54eee6a7c43e8a22b9765ace17f0b0',\n  refreshToken: 'eyJhbGciOiJIUzI1NiIsInR5cCI6IkpXVCJ9.eyJ1c2VySWQiOiI2Nzg4MjQ0NjE5ODBlNzVjYjZmOGEzN2IiLCJlbWFpbCI6InNob3AwMUBnbWFpbC5jb20iLCJpYXQiOjE3MzcwNjAyNjQsImV4cCI6MTczNzIzMzA2NH0.hXOKByyRdIl-FRPk_5Pl3Pr76L73gC12cg6VOgskJqY'\n}\" (type Object) at path \"user\" for model \"KeyToken\""}  ::{"message":"Cast to ObjectId failed for value \"{\n  userId: '678824461980e75cb6f8a37b',\n  publicKey: 'ea1d617b396020b37b5aece28dcbfa5f',\n  privateKey: '7d54eee6a7c43e8a22b9765ace17f0b0',\n  refreshToken: 'eyJhbGciOiJIUzI1NiIsInR5cCI6IkpXVCJ9.eyJ1c2VySWQiOiI2Nzg4MjQ0NjE5ODBlNzVjYjZmOGEzN2IiLCJlbWFpbCI6InNob3AwMUBnbWFpbC5jb20iLCJpYXQiOjE3MzcwNjAyNjQsImV4cCI6MTczNzIzMzA2NH0.hXOKByyRdIl-FRPk_5Pl3Pr76L73gC12cg6VOgskJqY'\n}\" (type Object) at path \"user\" for model \"KeyToken\""} 
2025-01-17 03:45:03 ::info ::/v1/api/shops/login ::aaa0737c-233e-4ada-a120-e3ad386e6eaf ::Received request :: POST ::::{"email":"shop01@gmail.com","password":"***REDACTED***"} 
2025-01-17 03:45:03 ::error ::/v1/api/shops/login ::aaa0737c-233e-4ada-a120-e3ad386e6eaf ::undefined - 147ms - Response :: {"stringValue":"\"{\n  userId: '678824461980e75cb6f8a37b',\n  publicKey: 'c3b7510ad6eb88d3ac2f471ef82a12db',\n  privateKey: 'fcb094a4aec0b4b8e27a4b35712e0958',\n  refreshToken: 'eyJhbGciOiJIUzI1NiIsInR5cCI6IkpXVCJ9.eyJ1c2VySWQiOiI2Nzg4MjQ0NjE5ODBlNzVjYjZmOGEzN2IiLCJlbWFpbCI6InNob3AwMUBnbWFpbC5jb20iLCJpYXQiOjE3MzcwNjAzMDMsImV4cCI6MTczNzIzMzEwM30.hoDC8SQvxSzfQwMI5dQf1Pe_w_yNm-qDUSlYk4JetI4'\n}\"","valueType":"Object","kind":"ObjectId","value":{"userId":"678824461980e75cb6f8a37b","publicKey":"c3b7510ad6eb88d3ac2f471ef82a12db","privateKey":"fcb094a4aec0b4b8e27a4b35712e0958","refreshToken":"eyJhbGciOiJIUzI1NiIsInR5cCI6IkpXVCJ9.eyJ1c2VySWQiOiI2Nzg4MjQ0NjE5ODBlNzVjYjZmOGEzN2IiLCJlbWFpbCI6InNob3AwMUBnbWFpbC5jb20iLCJpYXQiOjE3MzcwNjAzMDMsImV4cCI6MTczNzIzMzEwM30.hoDC8SQvxSzfQwMI5dQf1Pe_w_yNm-qDUSlYk4JetI4"},"path":"user","reason":{},"name":"CastError","message":"Cast to ObjectId failed for value \"{\n  userId: '678824461980e75cb6f8a37b',\n  publicKey: 'c3b7510ad6eb88d3ac2f471ef82a12db',\n  privateKey: 'fcb094a4aec0b4b8e27a4b35712e0958',\n  refreshToken: 'eyJhbGciOiJIUzI1NiIsInR5cCI6IkpXVCJ9.eyJ1c2VySWQiOiI2Nzg4MjQ0NjE5ODBlNzVjYjZmOGEzN2IiLCJlbWFpbCI6InNob3AwMUBnbWFpbC5jb20iLCJpYXQiOjE3MzcwNjAzMDMsImV4cCI6MTczNzIzMzEwM30.hoDC8SQvxSzfQwMI5dQf1Pe_w_yNm-qDUSlYk4JetI4'\n}\" (type Object) at path \"user\" for model \"KeyToken\""}  ::{"message":"Cast to ObjectId failed for value \"{\n  userId: '678824461980e75cb6f8a37b',\n  publicKey: 'c3b7510ad6eb88d3ac2f471ef82a12db',\n  privateKey: 'fcb094a4aec0b4b8e27a4b35712e0958',\n  refreshToken: 'eyJhbGciOiJIUzI1NiIsInR5cCI6IkpXVCJ9.eyJ1c2VySWQiOiI2Nzg4MjQ0NjE5ODBlNzVjYjZmOGEzN2IiLCJlbWFpbCI6InNob3AwMUBnbWFpbC5jb20iLCJpYXQiOjE3MzcwNjAzMDMsImV4cCI6MTczNzIzMzEwM30.hoDC8SQvxSzfQwMI5dQf1Pe_w_yNm-qDUSlYk4JetI4'\n}\" (type Object) at path \"user\" for model \"KeyToken\""} 
2025-01-17 03:53:03 ::info ::/v1/api/shops/login ::fefbddd9-0b4b-41ae-8a70-ce676cdb5042 ::Received request :: POST ::::{"email":"shop01@gmail.com","password":"***REDACTED***"} 
2025-01-17 03:53:03 ::error ::/v1/api/shops/login ::fefbddd9-0b4b-41ae-8a70-ce676cdb5042 ::undefined - 94ms - Response :: {"stringValue":"\"{\n  userId: '678824461980e75cb6f8a37b',\n  publicKey: 'e702eeff68dbe6f3c98d662848756c01',\n  privateKey: '67d3366282d5dd1af7e3218a75b13edf',\n  refreshToken: 'eyJhbGciOiJIUzI1NiIsInR5cCI6IkpXVCJ9.eyJ1c2VySWQiOiI2Nzg4MjQ0NjE5ODBlNzVjYjZmOGEzN2IiLCJlbWFpbCI6InNob3AwMUBnbWFpbC5jb20iLCJpYXQiOjE3MzcwNjA3ODMsImV4cCI6MTczNzIzMzU4M30.DQZsLb2NaJ-bDI10sGgRVVBoJlwDP1JfpI9NSvBsD5o'\n}\"","valueType":"Object","kind":"ObjectId","value":{"userId":"678824461980e75cb6f8a37b","publicKey":"e702eeff68dbe6f3c98d662848756c01","privateKey":"67d3366282d5dd1af7e3218a75b13edf","refreshToken":"eyJhbGciOiJIUzI1NiIsInR5cCI6IkpXVCJ9.eyJ1c2VySWQiOiI2Nzg4MjQ0NjE5ODBlNzVjYjZmOGEzN2IiLCJlbWFpbCI6InNob3AwMUBnbWFpbC5jb20iLCJpYXQiOjE3MzcwNjA3ODMsImV4cCI6MTczNzIzMzU4M30.DQZsLb2NaJ-bDI10sGgRVVBoJlwDP1JfpI9NSvBsD5o"},"path":"user","reason":{},"name":"CastError","message":"Cast to ObjectId failed for value \"{\n  userId: '678824461980e75cb6f8a37b',\n  publicKey: 'e702eeff68dbe6f3c98d662848756c01',\n  privateKey: '67d3366282d5dd1af7e3218a75b13edf',\n  refreshToken: 'eyJhbGciOiJIUzI1NiIsInR5cCI6IkpXVCJ9.eyJ1c2VySWQiOiI2Nzg4MjQ0NjE5ODBlNzVjYjZmOGEzN2IiLCJlbWFpbCI6InNob3AwMUBnbWFpbC5jb20iLCJpYXQiOjE3MzcwNjA3ODMsImV4cCI6MTczNzIzMzU4M30.DQZsLb2NaJ-bDI10sGgRVVBoJlwDP1JfpI9NSvBsD5o'\n}\" (type Object) at path \"user\" for model \"KeyToken\""}  ::{"message":"Cast to ObjectId failed for value \"{\n  userId: '678824461980e75cb6f8a37b',\n  publicKey: 'e702eeff68dbe6f3c98d662848756c01',\n  privateKey: '67d3366282d5dd1af7e3218a75b13edf',\n  refreshToken: 'eyJhbGciOiJIUzI1NiIsInR5cCI6IkpXVCJ9.eyJ1c2VySWQiOiI2Nzg4MjQ0NjE5ODBlNzVjYjZmOGEzN2IiLCJlbWFpbCI6InNob3AwMUBnbWFpbC5jb20iLCJpYXQiOjE3MzcwNjA3ODMsImV4cCI6MTczNzIzMzU4M30.DQZsLb2NaJ-bDI10sGgRVVBoJlwDP1JfpI9NSvBsD5o'\n}\" (type Object) at path \"user\" for model \"KeyToken\""} 
2025-01-17 03:53:23 ::info ::/v1/api/shops/login ::18b4d86c-0420-4cbd-b02c-83c489930b76 ::Received request :: POST ::::{"email":"shop01@gmail.com","password":"***REDACTED***"} 
2025-01-17 03:59:23 ::info ::/v1/api/shops/register ::35db14d2-091f-4e00-af56-0feb25d84939 ::Received request :: POST ::::{"name":"Shop 01","email":"shop01@gmail.com","password":"***REDACTED***"} 
2025-01-17 04:00:58 ::info ::/v1/api/shops/register ::c7b1b1e2-4e0f-4761-8256-418a40167351 ::Received request :: POST ::::{"name":"Shop 01","email":"shop01@gmail.com","password":"***REDACTED***"} 
2025-01-17 04:00:58 ::error ::/v1/api/shops/register ::c7b1b1e2-4e0f-4761-8256-418a40167351 ::undefined - 85ms - Response :: {"stringValue":"\"{\n  userId: new ObjectId('6789738a43df640f8727e916'),\n  publicKey: 'ee9b94e6640e020c2407ac4ff8384b5c',\n  privateKey: 'bd3a64a3f696da96a9c0f27e71122430',\n  refreshToken: null\n}\"","valueType":"Object","kind":"ObjectId","value":{"userId":"6789738a43df640f8727e916","publicKey":"ee9b94e6640e020c2407ac4ff8384b5c","privateKey":"bd3a64a3f696da96a9c0f27e71122430","refreshToken":null},"path":"user","reason":{},"name":"CastError","message":"Cast to ObjectId failed for value \"{\n  userId: new ObjectId('6789738a43df640f8727e916'),\n  publicKey: 'ee9b94e6640e020c2407ac4ff8384b5c',\n  privateKey: 'bd3a64a3f696da96a9c0f27e71122430',\n  refreshToken: null\n}\" (type Object) at path \"user\" for model \"KeyToken\""}  ::{"message":"Cast to ObjectId failed for value \"{\n  userId: new ObjectId('6789738a43df640f8727e916'),\n  publicKey: 'ee9b94e6640e020c2407ac4ff8384b5c',\n  privateKey: 'bd3a64a3f696da96a9c0f27e71122430',\n  refreshToken: null\n}\" (type Object) at path \"user\" for model \"KeyToken\""} 
2025-01-17 04:05:25 ::info ::/v1/api/shops/register ::89865db1-3841-4a07-8aa6-0cc6729ddedf ::Received request :: POST ::::{"name":"Shop 02","email":"shop02@gmail.com","password":"***REDACTED***"} 
2025-01-17 04:05:25 ::error ::/v1/api/shops/register ::89865db1-3841-4a07-8aa6-0cc6729ddedf ::undefined - 104ms - Response :: {}  ::{"message":"Argument passed in does not match the accepted types"} 
2025-01-17 04:06:46 ::info ::/v1/api/shops/register ::5d051864-24ae-49db-a4e8-7591ab230211 ::Received request :: POST ::::{"name":"Shop 02","email":"shop02@gmail.com","password":"***REDACTED***"} 
2025-01-17 04:06:46 ::error ::/v1/api/shops/register ::5d051864-24ae-49db-a4e8-7591ab230211 ::409 - 15ms - Response :: {"status":409}  ::{"message":"Shop already registered!!!"} 
2025-01-17 04:07:10 ::info ::/v1/api/shops/register ::2d3bd44f-d637-401a-9e11-99b06f6c9205 ::Received request :: POST ::::{"name":"Shop 03","email":"shop03@gmail.com","password":"***REDACTED***"} 
2025-01-17 04:07:10 ::error ::/v1/api/shops/register ::2d3bd44f-d637-401a-9e11-99b06f6c9205 ::undefined - 101ms - Response :: {}  ::{"message":"Argument passed in does not match the accepted types"} 
2025-01-17 04:08:41 ::info ::/v1/api/shops/register ::988a9b6e-de26-42fa-a027-f42715bb0214 ::Received request :: POST ::::{"name":"Shop 04","email":"shop04@gmail.com","password":"***REDACTED***"} 
2025-01-17 04:08:41 ::error ::/v1/api/shops/register ::988a9b6e-de26-42fa-a027-f42715bb0214 ::undefined - 147ms - Response :: {"stringValue":"\"{\n  userId: new ObjectId('678975596b59087666279aac'),\n  publicKey: '934815f3484718018b9cfdfe4b81e103',\n  privateKey: '3145e85ab4bd263cc8aa7cf2809ac79b',\n  refreshToken: null\n}\"","valueType":"Object","kind":"ObjectId","value":{"userId":"678975596b59087666279aac","publicKey":"934815f3484718018b9cfdfe4b81e103","privateKey":"3145e85ab4bd263cc8aa7cf2809ac79b","refreshToken":null},"path":"user","reason":{},"name":"CastError","message":"Cast to ObjectId failed for value \"{\n  userId: new ObjectId('678975596b59087666279aac'),\n  publicKey: '934815f3484718018b9cfdfe4b81e103',\n  privateKey: '3145e85ab4bd263cc8aa7cf2809ac79b',\n  refreshToken: null\n}\" (type Object) at path \"user\" for model \"KeyToken\""}  ::{"message":"Cast to ObjectId failed for value \"{\n  userId: new ObjectId('678975596b59087666279aac'),\n  publicKey: '934815f3484718018b9cfdfe4b81e103',\n  privateKey: '3145e85ab4bd263cc8aa7cf2809ac79b',\n  refreshToken: null\n}\" (type Object) at path \"user\" for model \"KeyToken\""} 
2025-01-17 04:11:01 ::info ::/v1/api/shops/register ::7abc97d5-d9bd-4b83-b82b-5592dd1e3dc4 ::Received request :: POST ::::{"name":"Shop 05","email":"shop05@gmail.com","password":"***REDACTED***"} 
2025-01-17 04:11:02 ::error ::/v1/api/shops/register ::7abc97d5-d9bd-4b83-b82b-5592dd1e3dc4 ::undefined - 91ms - Response :: {}  ::{"message":"Argument passed in does not match the accepted types"} 
2025-01-17 04:14:40 ::info ::/v1/api/shops/register ::6f3e5242-5f27-4155-bfee-860d80509685 ::Received request :: POST ::::{"name":"Shop 06","email":"shop06@gmail.com","password":"***REDACTED***"} 
2025-01-17 04:15:43 ::info ::/v1/api/shops/register ::748db5d5-ad23-451d-9c1e-547393068d89 ::Received request :: POST ::::{"name":"Shop 01","email":"shop01@gmail.com","password":"***REDACTED***"} 
2025-01-17 04:15:58 ::info ::/v1/api/shops/login ::6f4031ca-a0a9-45f9-ae78-0c16a469a993 ::Received request :: POST ::::{"email":"shop01@gmail.com","password":"***REDACTED***"} 
2025-01-17 04:17:10 ::info ::/v1/api/shops/login ::bc59271b-f3b8-49fd-a729-9ef24bf383d6 ::Received request :: POST ::::{"email":"shop01@gmail.com","password":"***REDACTED***"} 
2025-01-17 04:17:32 ::info ::/v1/api/shops/login ::cb3d7a9c-7028-4da3-8f43-e2ef17eeda85 ::Received request :: POST ::::{"email":"shop01@gmail.com","password":"***REDACTED***"} 
2025-01-17 04:17:56 ::info ::/v1/api/shops/login ::0bfd5422-9bd0-4d9f-a9f3-c39b1cdeed72 ::Received request :: POST ::::{"email":"shop01@gmail.com","password":"***REDACTED***"} 
2025-01-17 04:18:23 ::info ::/v1/api/shops/login ::9655ac99-8bcd-40f5-b75e-b87cb0a7b99c ::Received request :: POST ::::{"email":"shop01@gmail.com","password":"***REDACTED***"} 
2025-01-17 04:18:53 ::info ::/v1/api/shops/login ::82c851d7-c2e8-46d1-85ec-9c3f5e93aadf ::Received request :: POST ::::{"email":"shop01@gmail.com","password":"***REDACTED***"} 
2025-01-17 04:19:53 ::info ::/v1/api/shops/login ::61f7e4cb-bd50-4596-89ab-c4071bc99c75 ::Received request :: POST ::::{"email":"shop01@gmail.com","password":"***REDACTED***"} 
2025-01-17 04:19:53 ::error ::/v1/api/shops/login ::61f7e4cb-bd50-4596-89ab-c4071bc99c75 ::undefined - 86ms - Response :: {}  ::{"message":"Assignment to constant variable."} 
2025-01-17 04:20:31 ::info ::/v1/api/shops/login ::383a7c8b-507f-43e2-a1e1-64bd960c8018 ::Received request :: POST ::::{"email":"shop01@gmail.com","password":"***REDACTED***"} 
2025-01-17 04:21:13 ::info ::/v1/api/shops/login ::6bb2eec4-b956-44d6-8630-9e2c3953d644 ::Received request :: POST ::::{"email":"shop01@gmail.com","password":"***REDACTED***"} 
2025-01-17 04:23:47 ::info ::/v1/api/shops/login ::cfea21bf-dcc8-4646-bd90-e8f4b1ed2e20 ::Received request :: POST ::::{"email":"shop01@gmail.com","password":"***REDACTED***"} 
2025-01-17 04:24:20 ::info ::/v1/api/shops/login ::e0b4a765-cade-4cd6-9cc2-90403cba8715 ::Received request :: POST ::::{"email":"shop01@gmail.com","password":"***REDACTED***"} 
2025-01-17 04:24:56 ::info ::/v1/api/shops/register ::055aa4cd-6ae7-4123-952b-a0d56d2d70f1 ::Received request :: POST ::::{"name":"Shop 01","email":"shop01@gmail.com","password":"***REDACTED***"} 
2025-01-17 04:25:10 ::info ::/v1/api/shops/login ::18038cee-3798-4d05-b5ca-6be95f671b8f ::Received request :: POST ::::{"email":"shop01@gmail.com","password":"***REDACTED***"} 
2025-01-17 04:26:40 ::info ::/v1/api/shops/logout ::4b6e3b2c-e33d-4b0a-8a55-4c126573d48f ::Received request :: POST ::::{} 
2025-01-17 04:26:55 ::info ::/v1/api/shops/login ::faba3d9f-c845-40af-aca6-c0db7e15390a ::Received request :: POST ::::{"email":"shop01@gmail.com","password":"***REDACTED***"} 
2025-01-17 04:27:31 ::info ::/v1/api/shops/refresh-token ::4c898076-2f6d-4a56-a7df-0f3b32152ebb ::Received request :: POST ::::{} 
2025-01-17 04:27:59 ::info ::/v1/api/shops/refresh-token ::bd5142fd-9547-499b-88f0-d1fcb7e9defc ::Received request :: POST ::::{} 
2025-01-17 04:27:59 ::error ::/v1/api/shops/refresh-token ::bd5142fd-9547-499b-88f0-d1fcb7e9defc ::403 - 9ms - Response :: {"status":403}  ::{"message":"Something wrong happen !! Please re-login"} 
2025-01-17 04:28:21 ::info ::/v1/api/shops/refresh-token ::598ee9e9-3bf8-4596-a5ff-9234105a390f ::Received request :: POST ::::{} 
2025-01-17 04:28:21 ::error ::/v1/api/shops/refresh-token ::598ee9e9-3bf8-4596-a5ff-9234105a390f ::404 - 7ms - Response :: {"status":404}  ::{"message":"Resource not found"} 
2025-01-17 04:31:06 ::info ::/v1/api/shops/refresh-token ::b81e7e33-29ac-4481-9d99-8de972b97f4a ::Received request :: POST ::::{} 
2025-01-17 04:31:06 ::error ::/v1/api/shops/refresh-token ::b81e7e33-29ac-4481-9d99-8de972b97f4a ::404 - 14ms - Response :: {"status":404}  ::{"message":"Resource not found"} 
2025-01-17 04:31:28 ::info ::/v1/api/shops/login ::5941bf7a-0819-40bc-8e10-6b812866d63f ::Received request :: POST ::::{"email":"shop01@gmail.com","password":"***REDACTED***"} 
2025-01-17 04:31:46 ::info ::/v1/api/shops/refresh-token ::a0342d4f-dfa6-42ff-aa10-9585241b507c ::Received request :: POST ::::{} 
2025-01-17 04:34:14 ::info ::/v1/api/shops/login ::0e55684b-5361-4f7b-b13a-edc1baad58b9 ::Received request :: POST ::::{"email":"shop01@gmail.com","password":"***REDACTED***"} 
2025-01-17 06:14:26 ::info ::/v1/api/shops/register ::151daf93-daae-461a-a9a7-1ec210d9a595 ::Received request :: POST ::::{"name":"Shop 01","email":"shop01@gmail.com","password":"***REDACTED***"} 
2025-01-17 06:14:26 ::error ::/v1/api/shops/register ::151daf93-daae-461a-a9a7-1ec210d9a595 ::undefined - 10ms - Response :: {}  ::{"message":"registerRequest is not defined"} 
2025-01-17 06:15:09 ::info ::/v1/api/shops/register ::0a9f7237-3ba7-443a-9d71-667e378037f8 ::Received request :: POST ::::{"name":"Shop 01","email":"shop01@gmail.com","password":"***REDACTED***"} 
2025-01-17 06:15:09 ::error ::/v1/api/shops/register ::0a9f7237-3ba7-443a-9d71-667e378037f8 ::403 - 11ms - Response :: {"status":403}  ::{"message":"Name invalid !!!"} 
2025-01-17 06:15:27 ::info ::/v1/api/shops/register ::19cd6a5d-aeae-409a-bec3-bd8f0aa984a8 ::Received request :: POST ::::{"name":"Shop 01","email":"shop01@gmail.com","password":"***REDACTED***"} 
2025-01-17 06:15:27 ::error ::/v1/api/shops/register ::19cd6a5d-aeae-409a-bec3-bd8f0aa984a8 ::403 - 5ms - Response :: {"status":403}  ::{"message":"Name invalid !!!"} 
2025-01-17 06:15:35 ::info ::/v1/api/shops/register ::0375901c-b495-4053-80d9-7c230a51e67e ::Received request :: POST ::::{"name":"Shop 01","email":"shop01@gmail.com","password":"***REDACTED***"} 
2025-01-17 06:15:35 ::error ::/v1/api/shops/register ::0375901c-b495-4053-80d9-7c230a51e67e ::403 - 11ms - Response :: {"status":403}  ::{"message":"Name invalid !!!"} 
2025-01-17 06:15:52 ::info ::/v1/api/shops/register ::9d34e086-d996-4a9e-bdc0-d9442eb74bf4 ::Received request :: POST ::::{"name":"Shop 01221222","email":"shop01@gmail.com","password":"***REDACTED***"} 
2025-01-17 06:15:52 ::error ::/v1/api/shops/register ::9d34e086-d996-4a9e-bdc0-d9442eb74bf4 ::403 - 4ms - Response :: {"status":403}  ::{"message":"Password must be at least 8 characters long and contain both letters and numbers."} 
2025-01-17 06:16:08 ::info ::/v1/api/shops/register ::2ac05602-e5af-4382-b367-db35bec5c64c ::Received request :: POST ::::{"name":"Shop 01221222","email":"shop03@gmail.com","password":"***REDACTED***"} 
2025-01-17 06:16:39 ::info ::/v1/api/shops/login ::f70ee951-bcd5-4192-97a3-63f951d46c0c ::Received request :: POST ::::{"email":"shop03@gmail.com","password":"***REDACTED***"} 
2025-01-17 06:16:39 ::error ::/v1/api/shops/login ::f70ee951-bcd5-4192-97a3-63f951d46c0c ::403 - 3ms - Response :: {"status":403}  ::{"message":"Password must be at least 8 characters long and contain both letters and numbers."} 
