2025-01-21 23:13:41 ::info ::/v1/api/email/new-template ::06d4b609-f5e6-46ce-a662-197a87a38db9 ::Received request :: POST ::::{"tem_name":"HTML EMAIL TOKEN"} 
2025-01-21 23:13:41 ::error ::/v1/api/email/new-template ::06d4b609-f5e6-46ce-a662-197a87a38db9 ::401 - 49ms - Response :: {"status":401}  ::{"message":"Invalid Request"} 
2025-01-21 23:15:20 ::info ::/v1/api/email/new-template ::6d4e4db9-2f7b-489a-994a-67f347a924a4 ::Received request :: POST ::::{"tem_name":"HTML EMAIL TOKEN"} 
2025-01-21 23:15:20 ::error ::/v1/api/email/new-template ::6d4e4db9-2f7b-489a-994a-67f347a924a4 ::undefined - 28ms - Response :: {"errors":{"tem_id":{"name":"ValidatorError","message":"Path `tem_id` is required.","properties":{"message":"Path `tem_id` is required.","type":"required","path":"tem_id"},"kind":"required","path":"tem_id"}},"_message":"template validation failed","name":"ValidationError","message":"template validation failed: tem_id: Path `tem_id` is required."}  ::{"message":"template validation failed: tem_id: Path `tem_id` is required."} 
2025-01-21 23:16:11 ::info ::/v1/api/email/new-template ::f319605c-2951-4fc1-acbf-b11ebf2de40e ::Received request :: POST ::::{"tem_id":10001,"tem_name":"HTML EMAIL TOKEN"} 
2025-01-21 23:16:11 ::error ::/v1/api/email/new-template ::f319605c-2951-4fc1-acbf-b11ebf2de40e ::undefined - 11ms - Response :: {"errors":{"tem_id":{"name":"ValidatorError","message":"Path `tem_id` is required.","properties":{"message":"Path `tem_id` is required.","type":"required","path":"tem_id"},"kind":"required","path":"tem_id"}},"_message":"template validation failed","name":"ValidationError","message":"template validation failed: tem_id: Path `tem_id` is required."}  ::{"message":"template validation failed: tem_id: Path `tem_id` is required."} 
2025-01-21 23:16:20 ::info ::/v1/api/email/new-template ::ee5f490a-b455-4ba4-a39f-266c57d63997 ::Received request :: POST ::::{"tem_id":10001,"tem_name":"HTML EMAIL TOKEN"} 
2025-01-21 23:16:20 ::error ::/v1/api/email/new-template ::ee5f490a-b455-4ba4-a39f-266c57d63997 ::undefined - 37ms - Response :: {"errors":{"tem_id":{"name":"ValidatorError","message":"Path `tem_id` is required.","properties":{"message":"Path `tem_id` is required.","type":"required","path":"tem_id"},"kind":"required","path":"tem_id"}},"_message":"template validation failed","name":"ValidationError","message":"template validation failed: tem_id: Path `tem_id` is required."}  ::{"message":"template validation failed: tem_id: Path `tem_id` is required."} 
2025-01-21 23:17:18 ::info ::/v1/api/email/new-template ::f0dc8fe3-d600-414a-b911-a3fc3bb7f804 ::Received request :: POST ::::{"tem_id":10001,"tem_name":"HTML EMAIL TOKEN"} 
2025-01-21 23:37:59 ::info ::/v1/api/user/new-user ::2c47f0e4-a746-410b-bcd5-b61a9cfab5a7 ::Received request :: POST ::::{"email":"nhatchelsea2604@gmail.com"} 
2025-01-21 23:37:59 ::error ::/v1/api/user/new-user ::2c47f0e4-a746-410b-bcd5-b61a9cfab5a7 ::undefined - 32ms - Response :: {}  ::{"message":"ConflictRequestError is not defined"} 
2025-01-21 23:39:06 ::info ::/v1/api/user/new-user ::760acdd5-f35d-4954-a59b-3cdb4abea73b ::Received request :: POST ::::{"email":"nhatchelsea2604@gmail.com"} 
2025-01-21 23:42:42 ::info ::/v1/api/user/new-user ::6c7a0135-66e6-4fd3-a51c-370290b5dbfd ::Received request :: POST ::::{"email":"nhatchelsea2604@gmail.com"} 
2025-01-21 23:44:33 ::info ::/v1/api/user/new-user ::8793b300-6ff1-4964-b003-ec41bffda998 ::Received request :: POST ::::{"email":"nhatchelsea2604@gmail.com"} 
2025-01-21 23:47:28 ::info ::/v1/api/user/new-user ::e7d0aa17-af51-44dc-9b0d-2c8559d6b9e9 ::Received request :: POST ::::{"email":"nhatchelsea2604@gmail.com"} 
2025-01-21 23:48:59 ::info ::/v1/api/user/new-user ::dbfef9a3-78c3-4b3b-8387-426e24182e43 ::Received request :: POST ::::{"email":"nhatchelsea2604@gmail.com"} 
2025-01-21 23:49:40 ::info ::/v1/api/user/new-user ::929fd78c-3afb-424d-b9b2-50711215dfdf ::Received request :: POST ::::{"email":"nhatchelsea2604@gmail.com"} 
2025-01-21 23:49:50 ::info ::/v1/api/user/new-user ::e308588e-b38f-4176-b8f4-9ac2741427d7 ::Received request :: POST ::::{"email":"nhatchelsea2604@gmail.com"} 
2025-01-21 23:50:25 ::info ::/v1/api/user/new-user ::f42cbd29-0805-4aca-abb6-cfc99d5a2c6b ::Received request :: POST ::::{"email":"nhatchelsea2604@gmail.com"} 
2025-01-21 23:52:19 ::info ::/v1/api/user/new-user ::4b526a4c-97a7-4106-8cd7-de7b5fc90fde ::Received request :: POST ::::{"email":"nhatchelsea2604@gmail.com"} 
2025-01-21 23:54:00 ::info ::/v1/api/user/new-user ::92ceb19b-e02e-4f2d-9206-fd8a84e0131f ::Received request :: POST ::::{"email":"nhatchelsea2604@gmail.com"} 
2025-01-21 23:54:30 ::info ::/v1/api/user/new-user ::5604411d-283f-4136-9aa4-d1478256d8cb ::Received request :: POST ::::{"email":"nhatchelsea2604@gmail.com"} 
2025-01-21 23:54:54 ::info ::/v1/api/user/new-user ::bd58b6bf-c279-4d5f-9439-c0544af7bdb9 ::Received request :: POST ::::{"email":"nhatchelsea2604@gmail.com"} 
2025-01-21 23:55:40 ::info ::/v1/api/user/new-user ::2a7b3c01-fb3f-4219-950b-d9a7fef33e29 ::Received request :: POST ::::{"email":"nhatchelsea2604@gmail.com"} 
2025-01-21 23:56:34 ::info ::/v1/api/user/new-user ::a28ec0d1-8310-4a3b-b287-83c192d5cca5 ::Received request :: POST ::::{"email":"nhatchelsea2604@gmail.com"} 
2025-01-21 23:57:07 ::info ::/v1/api/user/new-user ::ce8ea3cf-f08e-4333-8218-f937d65e4ee9 ::Received request :: POST ::::{"email":"nhatchelsea2604@gmail.com"} 
2025-01-21 23:57:28 ::info ::/v1/api/user/new-user ::73d632e3-6674-4637-9db8-e2efca71bdae ::Received request :: POST ::::{"email":"nhatchelsea2604@gmail.com"} 
