2025-01-22 00:57:55 ::error ::/v1/api/user/new-user ::50fe3142-31f1-4dab-ae8a-5e5adddb78d4 ::undefined - 10ms - Response :: {}  ::{"message":"Cannot access 'newOtp' before initialization"} 
2025-01-22 00:59:15 ::error ::/v1/api/user/new-user ::11eb5bec-233b-4643-8acb-29239f18f1f0 ::undefined - 11ms - Response :: {}  ::{"message":"Cannot access 'newOtp' before initialization"} 
2025-01-22 00:59:54 ::error ::/v1/api/user/new-user ::4abacdec-46ed-4b22-96de-cb23cec7b350 ::undefined - 11ms - Response :: {}  ::{"message":"crypto.randomInt is not a function"} 
2025-01-22 01:03:17 ::error ::/v1/api/user/new-user ::030856d2-4841-4243-9654-6f0eb44299a5 ::409 - 14ms - Response :: {"status":409}  ::{"message":"Email already exist"} 
2025-01-22 01:04:16 ::error ::/v1/api/user/new-user ::95eb7227-7a18-4f26-8239-145fce3e3546 ::409 - 10ms - Response :: {"status":409}  ::{"message":"Email already exist"} 
2025-01-22 01:05:02 ::error ::/v1/api/user/new-user ::9c554f30-60a1-43ce-bdaf-b7376de99a64 ::409 - 10ms - Response :: {"status":409}  ::{"message":"Email already exist"} 
2025-01-22 01:05:27 ::error ::/v1/api/user/new-user ::b54dfb50-7d84-4a7a-bac8-6b3ef8220fc0 ::409 - 27ms - Response :: {"status":409}  ::{"message":"Email already exist"} 
2025-01-22 09:35:03 ::error ::/v1/api/user/verify-otp ::2be4ab65-a442-4e16-b6ff-fd836d34d697 ::401 - 4ms - Response :: {"status":401}  ::{"message":"Invalid Request"} 
2025-01-22 09:36:56 ::error ::/v1/api/user/verify-otp ::3f82b971-a067-435d-8af0-543e42cafd14 ::undefined - 8ms - Response :: {}  ::{"message":"OK is not a function"} 
2025-01-22 09:56:54 ::error ::/v1/api/user/verify-otp ::e4b38631-b416-4a90-9cc6-8fc55b38f09d ::undefined - 8ms - Response :: {}  ::{"message":"token is not defined"} 
2025-01-22 09:59:17 ::error ::/v1/api/user/verify-otp ::4cb2e2eb-d382-4f8d-b2c4-7c1cb6a7f7e4 ::undefined - 18ms - Response :: {}  ::{"message":"otp_email is not defined"} 
2025-01-22 10:00:01 ::error ::/v1/api/user/verify-otp ::72e7f2d8-67e4-4bf7-b3a8-6b9ac8f8010b ::undefined - 18ms - Response :: {}  ::{"message":"bcrypt is not defined"} 
2025-01-22 10:01:21 ::error ::/v1/api/user/verify-otp ::e7be1d3e-5296-427d-a8a9-1fb34056f1a3 ::undefined - 78ms - Response :: {}  ::{"message":"uuid is not a function"} 
2025-01-22 10:02:31 ::error ::/v1/api/user/verify-otp ::cbbcf867-b695-4b58-9261-62f2c7fcad36 ::undefined - 98ms - Response :: {"errors":{"usr_id":{"stringValue":"\"ab4e4eb7-19df-44bf-9b40-8f49703eea9b\"","valueType":"string","kind":"Number","value":"ab4e4eb7-19df-44bf-9b40-8f49703eea9b","path":"usr_id","reason":{"generatedMessage":true,"code":"ERR_ASSERTION","actual":false,"expected":true,"operator":"=="},"name":"CastError","message":"Cast to Number failed for value \"ab4e4eb7-19df-44bf-9b40-8f49703eea9b\" (type string) at path \"usr_id\""},"usr_role":{"stringValue":"\"user\"","valueType":"string","kind":"ObjectId","value":"user","path":"usr_role","reason":{},"name":"CastError","message":"Cast to ObjectId failed for value \"user\" (type string) at path \"usr_role\" because of \"BSONError\""}},"_message":"User validation failed","name":"ValidationError","message":"User validation failed: usr_id: Cast to Number failed for value \"ab4e4eb7-19df-44bf-9b40-8f49703eea9b\" (type string) at path \"usr_id\", usr_role: Cast to ObjectId failed for value \"user\" (type string) at path \"usr_role\" because of \"BSONError\""}  ::{"message":"User validation failed: usr_id: Cast to Number failed for value \"ab4e4eb7-19df-44bf-9b40-8f49703eea9b\" (type string) at path \"usr_id\", usr_role: Cast to ObjectId failed for value \"user\" (type string) at path \"usr_role\" because of \"BSONError\""} 
2025-01-22 10:03:57 ::error ::/v1/api/user/verify-otp ::daedc172-c784-4e87-9ec4-65e70165f145 ::undefined - 79ms - Response :: {"errors":{"usr_role":{"stringValue":"\"user\"","valueType":"string","kind":"ObjectId","value":"user","path":"usr_role","reason":{},"name":"CastError","message":"Cast to ObjectId failed for value \"user\" (type string) at path \"usr_role\" because of \"BSONError\""}},"_message":"User validation failed","name":"ValidationError","message":"User validation failed: usr_role: Cast to ObjectId failed for value \"user\" (type string) at path \"usr_role\" because of \"BSONError\""}  ::{"message":"User validation failed: usr_role: Cast to ObjectId failed for value \"user\" (type string) at path \"usr_role\" because of \"BSONError\""} 
2025-01-22 10:05:21 ::error ::/v1/api/user/verify-otp ::da88eebe-7f50-4c90-90d8-6b46ba4b360c ::undefined - 88ms - Response :: {"stringValue":"\"1\"","valueType":"number","kind":"ObjectId","value":1,"path":"user","reason":{},"name":"CastError","message":"Cast to ObjectId failed for value \"1\" (type number) at path \"user\" for model \"KeyToken\""}  ::{"message":"Cast to ObjectId failed for value \"1\" (type number) at path \"user\" for model \"KeyToken\""} 
2025-01-22 10:07:10 ::error ::/v1/api/user/verify-otp ::79ee944e-b1af-4253-b62d-26c3a0e532f4 ::undefined - 91ms - Response :: {"stringValue":"\"1\"","valueType":"string","kind":"ObjectId","value":"1","path":"user","reason":{},"name":"CastError","message":"Cast to ObjectId failed for value \"1\" (type string) at path \"user\" for model \"KeyToken\""}  ::{"message":"Cast to ObjectId failed for value \"1\" (type string) at path \"user\" for model \"KeyToken\""} 
2025-01-22 10:07:30 ::error ::/v1/api/user/new-user ::182e7b00-e542-48f2-a041-5f82792280e0 ::409 - 17ms - Response :: {"status":409}  ::{"message":"Email already exist"} 
2025-01-22 10:08:29 ::error ::/v1/api/user/verify-otp ::54b6d2fc-a90c-4f68-8b58-6964bb545dc0 ::undefined - 86ms - Response :: {"stringValue":"\"a426e193-2368-4a72-86d1-0042b1afd6d4\"","valueType":"string","kind":"ObjectId","value":"a426e193-2368-4a72-86d1-0042b1afd6d4","path":"user","reason":{},"name":"CastError","message":"Cast to ObjectId failed for value \"a426e193-2368-4a72-86d1-0042b1afd6d4\" (type string) at path \"user\" for model \"KeyToken\""}  ::{"message":"Cast to ObjectId failed for value \"a426e193-2368-4a72-86d1-0042b1afd6d4\" (type string) at path \"user\" for model \"KeyToken\""} 
2025-01-22 10:11:58 ::error ::/v1/api/user/new-user ::d1e9c61c-cc29-476c-8343-a93ba163d55d ::409 - 16ms - Response :: {"status":409}  ::{"message":"Email already exist"} 
2025-01-22 10:12:35 ::error ::/v1/api/user/verify-otp ::f4a0dc11-859c-4655-b558-8eed699ea3ac ::undefined - 84ms - Response :: {}  ::{"message":"Class constructor ObjectId cannot be invoked without 'new'"} 
2025-01-22 10:17:14 ::error ::/v1/api/user/new-user ::ec904bd0-7ecd-4683-ac90-881bdabaab82 ::409 - 20ms - Response :: {"status":409}  ::{"message":"Email already exist"} 
2025-01-22 10:17:44 ::error ::/v1/api/user/verify-otp ::f8cf4a83-55a7-4d1b-94ff-6374e1058dc0 ::undefined - 82ms - Response :: {}  ::{"message":"Class constructor ObjectId cannot be invoked without 'new'"} 
