2025-01-22 00:56:09 ::info ::/v1/api/user/new-user ::5094ed12-6605-4acf-9923-44906cfa6ad9 ::Received request :: POST ::::{"email":"nhatchelsea2604@gmail.com"} 
2025-01-22 00:56:48 ::info ::/v1/api/user/new-user ::413a4d80-09e4-45a1-8883-3ea3c5bf9e83 ::Received request :: POST ::::{"email":"nhatchelsea2604@gmail.com"} 
2025-01-22 00:57:55 ::info ::/v1/api/user/new-user ::50fe3142-31f1-4dab-ae8a-5e5adddb78d4 ::Received request :: POST ::::{"email":"nhatchelsea2604@gmail.com"} 
2025-01-22 00:57:55 ::error ::/v1/api/user/new-user ::50fe3142-31f1-4dab-ae8a-5e5adddb78d4 ::undefined - 10ms - Response :: {}  ::{"message":"Cannot access 'newOtp' before initialization"} 
2025-01-22 00:59:15 ::info ::/v1/api/user/new-user ::11eb5bec-233b-4643-8acb-29239f18f1f0 ::Received request :: POST ::::{"email":"nhatchelsea2604@gmail.com"} 
2025-01-22 00:59:15 ::error ::/v1/api/user/new-user ::11eb5bec-233b-4643-8acb-29239f18f1f0 ::undefined - 11ms - Response :: {}  ::{"message":"Cannot access 'newOtp' before initialization"} 
2025-01-22 00:59:54 ::info ::/v1/api/user/new-user ::4abacdec-46ed-4b22-96de-cb23cec7b350 ::Received request :: POST ::::{"email":"nhatchelsea2604@gmail.com"} 
2025-01-22 00:59:54 ::error ::/v1/api/user/new-user ::4abacdec-46ed-4b22-96de-cb23cec7b350 ::undefined - 11ms - Response :: {}  ::{"message":"crypto.randomInt is not a function"} 
2025-01-22 01:00:26 ::info ::/v1/api/user/new-user ::acd1110b-3685-4405-8883-d9d163029405 ::Received request :: POST ::::{"email":"nhatchelsea2604@gmail.com"} 
2025-01-22 01:01:48 ::info ::/v1/api/user/new-user ::977fb820-f0c9-4175-8414-2534e8552673 ::Received request :: POST ::::{"email":"nhatchelsea2604@gmail.com"} 
2025-01-22 01:02:53 ::info ::/v1/api/user/new-user ::113bee90-d68e-4f91-82ec-a4e1250aa239 ::Received request :: POST ::::{"email":"nhatchelsea2604@gmail.com"} 
2025-01-22 01:03:17 ::info ::/v1/api/user/new-user ::030856d2-4841-4243-9654-6f0eb44299a5 ::Received request :: POST ::::{"email":"nhatchelsea2604@gmail.com"} 
2025-01-22 01:03:17 ::error ::/v1/api/user/new-user ::030856d2-4841-4243-9654-6f0eb44299a5 ::409 - 14ms - Response :: {"status":409}  ::{"message":"Email already exist"} 
2025-01-22 01:04:16 ::info ::/v1/api/user/new-user ::95eb7227-7a18-4f26-8239-145fce3e3546 ::Received request :: POST ::::{"email":"nhatchelsea2604@gmail.com"} 
2025-01-22 01:04:16 ::error ::/v1/api/user/new-user ::95eb7227-7a18-4f26-8239-145fce3e3546 ::409 - 10ms - Response :: {"status":409}  ::{"message":"Email already exist"} 
2025-01-22 01:05:02 ::info ::/v1/api/user/new-user ::9c554f30-60a1-43ce-bdaf-b7376de99a64 ::Received request :: POST ::::{"email":"nhatchelsea264@gmail.com"} 
2025-01-22 01:05:02 ::error ::/v1/api/user/new-user ::9c554f30-60a1-43ce-bdaf-b7376de99a64 ::409 - 10ms - Response :: {"status":409}  ::{"message":"Email already exist"} 
2025-01-22 01:05:27 ::info ::/v1/api/user/new-user ::b54dfb50-7d84-4a7a-bac8-6b3ef8220fc0 ::Received request :: POST ::::{"email":"nhatchelsea264@gmail.com"} 
2025-01-22 01:05:27 ::error ::/v1/api/user/new-user ::b54dfb50-7d84-4a7a-bac8-6b3ef8220fc0 ::409 - 27ms - Response :: {"status":409}  ::{"message":"Email already exist"} 
2025-01-22 01:06:55 ::info ::/v1/api/user/new-user ::c5a00a7f-731d-4f48-9957-e95bffa01bdb ::Received request :: POST ::::{"email":"nhatchelsea2604@gmail.com"} 
2025-01-22 01:08:23 ::info ::/v1/api/user/new-user ::3c2cf686-47d5-4f30-a8b1-0a016dee88ef ::Received request :: POST ::::{"email":"nhatchelsea2604@gmail.com"} 
2025-01-22 01:09:03 ::info ::/v1/api/user/new-user ::5087e880-c8bc-424b-a2c0-a8a2d0c8ab04 ::Received request :: POST ::::{"email":"nhatchelsea2604@gmail.com"} 
2025-01-22 01:10:54 ::info ::/v1/api/user/new-user ::5783366d-c031-41c9-9d39-e76246119342 ::Received request :: POST ::::{"email":"nhatchelsea2604@gmail.com"} 
2025-01-22 01:11:59 ::info ::/v1/api/user/new-user ::a9be862f-1f17-474f-a916-010108add19e ::Received request :: POST ::::{"email":"nhatchelsea2604@gmail.com"} 
2025-01-22 01:12:33 ::info ::/v1/api/user/new-user ::25eb18c9-9f17-4e06-aa87-63d60c711beb ::Received request :: POST ::::{"email":"nhatchelsea2604@gmail.com"} 
2025-01-22 01:13:24 ::info ::/v1/api/user/new-user ::429ce667-2829-4894-ab3e-bf02711ea178 ::Received request :: POST ::::{"email":"nhatchelsea2604@gmail.com"} 
2025-01-22 01:17:39 ::info ::/v1/api/user/new-user ::3fd56a08-d432-4990-a880-db2ab2169fbb ::Received request :: POST ::::{"email":"nhatchelsea2604@gmail.com"} 
2025-01-22 01:18:47 ::info ::/v1/api/user/new-user ::5d23825f-c38f-43bf-b661-ebd6c08ef2d3 ::Received request :: POST ::::{"email":"nhatchelsea2604@gmail.com"} 
2025-01-22 01:19:52 ::info ::/v1/api/user/new-user ::682779be-6b2d-4a54-816b-78aa66646526 ::Received request :: POST ::::{"email":"nhatchelsea2604@gmail.com"} 
2025-01-22 01:20:50 ::info ::/cgb/welcome-back ::14562136-0775-47b2-a083-46cc8b19262c ::Received request :: GET ::::{"token":"***REDACTED***"} 
2025-01-22 01:21:53 ::info ::/v1/api/user/new-user ::489c6877-b020-4892-ab49-195d2f8725f8 ::Received request :: POST ::::{"email":"nhatchelsea2604@gmail.com"} 
2025-01-22 01:23:21 ::info ::/v1/api/user/new-user ::7c078a39-9dfb-4be6-a2ae-f694508ccf0e ::Received request :: POST ::::{"email":"nhatchelsea2604@gmail.com"} 
2025-01-22 01:24:12 ::info ::/v1/api/user/new-user ::9f439945-13d3-469c-ae44-d0104394e531 ::Received request :: POST ::::{"email":"nhatchelsea2604@gmail.com"} 
2025-01-22 01:28:43 ::info ::/v1/api/user/new-user ::1df60add-5f02-499d-b547-7cada2a289f2 ::Received request :: POST ::::{"email":"nhatchelsea2604@gmail.com"} 
2025-01-22 01:29:11 ::info ::/v1/api/user/new-user ::f108fe0b-7e31-429e-9479-d20628c40afe ::Received request :: POST ::::{"email":"nhatchelsea2604@gmail.com"} 
2025-01-22 01:30:06 ::info ::/v1/api/user/new-user ::a672a393-f9b0-4c82-bdab-e4dc8b318528 ::Received request :: POST ::::{"email":"nhatchelsea2604@gmail.com"} 
2025-01-22 01:31:33 ::info ::/v1/api/user/new-user ::04da2faf-b9ff-461d-96f0-f349819af9e7 ::Received request :: POST ::::{"email":"nhatchelsea2604@gmail.com"} 
2025-01-22 01:32:09 ::info ::/v1/api/user/new-user ::24dcefa8-caf5-45ea-920a-9c6a4a16a586 ::Received request :: POST ::::{"email":"nhatchelsea2604@gmail.com"} 
2025-01-22 01:34:37 ::info ::/v1/api/user/new-user ::000575e7-214c-48b2-9eed-3ca0aa404b65 ::Received request :: POST ::::{"email":"nhatchelsea2604@gmail.com"} 
2025-01-22 01:34:54 ::info ::/cgb/welcome-back ::b220a162-559a-48e4-bbe5-3cb983e3f25c ::Received request :: GET ::::{"token":"***REDACTED***"} 
2025-01-22 01:35:44 ::info ::/cgb/welcome-back ::37427ae2-eafe-4f64-aaa7-5c30e09deb8b ::Received request :: GET ::::{"token":"***REDACTED***"} 
2025-01-22 01:38:37 ::info ::/v1/api/user/new-user ::6d1bf6ff-99d2-406d-86fe-2518f5b4ab0a ::Received request :: POST ::::{"email":"nhatchelsea2604@gmail.com"} 
2025-01-22 01:39:39 ::info ::/v1/api/user/new-user ::027b5640-3fb8-4a19-bae4-0e36acffbdd2 ::Received request :: POST ::::{"email":"nhatchelsea2604@gmail.com"} 
2025-01-22 01:40:23 ::info ::/cgb/welcome-back ::d506f435-3b11-4073-a2b7-5d8591450a5b ::Received request :: GET ::::{"token":"***REDACTED***"} 
2025-01-22 01:44:03 ::info ::/v1/api/user/new-user ::daf47df3-b6df-43b0-bc96-52fc1340322a ::Received request :: POST ::::{"email":"nhatchelsea2604@gmail.com"} 
2025-01-22 09:33:53 ::info ::/v1/api/user/new-user ::c5e5e73f-533e-4284-8f46-048417accb6d ::Received request :: POST ::::{"email":"nhatchelsea2604@gmail.com"} 
2025-01-22 09:34:09 ::info ::/v1/api/user/verify-otp ::6a6e1f0b-6558-45aa-b239-9837cc18936f ::Received request :: GET ::::{"token":"***REDACTED***"} 
2025-01-22 09:35:03 ::info ::/v1/api/user/verify-otp ::2be4ab65-a442-4e16-b6ff-fd836d34d697 ::Received request :: POST ::::{"email":"nhatchelsea2604@gmail.com"} 
2025-01-22 09:35:03 ::error ::/v1/api/user/verify-otp ::2be4ab65-a442-4e16-b6ff-fd836d34d697 ::401 - 4ms - Response :: {"status":401}  ::{"message":"Invalid Request"} 
2025-01-22 09:35:48 ::info ::/v1/api/user/new-user ::80f8a38f-f66c-4c13-a521-5401dc88aec8 ::Received request :: POST ::::{"email":"nhatchelsea2604@gmail.com"} 
2025-01-22 09:36:56 ::info ::/v1/api/user/verify-otp ::3f82b971-a067-435d-8af0-543e42cafd14 ::Received request :: POST ::::{"email":"nhatchelsea2604@gmail.com"} 
2025-01-22 09:36:56 ::error ::/v1/api/user/verify-otp ::3f82b971-a067-435d-8af0-543e42cafd14 ::undefined - 8ms - Response :: {}  ::{"message":"OK is not a function"} 
2025-01-22 09:37:59 ::info ::/v1/api/user/new-user ::b2fa312e-10f4-4014-a529-c470234dc2a5 ::Received request :: POST ::::{"email":"nhatchelsea2604@gmail.com"} 
2025-01-22 09:38:21 ::info ::/v1/api/user/verify-otp ::bb5fa736-9512-4eb6-8d64-c8a6de13ef1e ::Received request :: POST ::::{"email":"nhatchelsea2604@gmail.com"} 
2025-01-22 09:39:57 ::info ::/v1/api/user/new-user ::6dd2f66e-6fa7-4f65-8a2d-3f65f5a14dbc ::Received request :: POST ::::{"email":"nhatchelsea2604@gmail.com"} 
2025-01-22 09:40:49 ::info ::/v1/api/user/verify-otp ::7a250fbb-065f-4aed-8f4a-11bf79362621 ::Received request :: POST ::::{"email":"nhatchelsea2604@gmail.com"} 
2025-01-22 09:41:44 ::info ::/v1/api/user/new-user ::2b0916a8-7f72-461d-9d13-e597b19eff4d ::Received request :: POST ::::{"email":"nhatchelsea2604@gmail.com"} 
2025-01-22 09:42:15 ::info ::/v1/api/user/verify-otp ::ad79b140-0111-4e72-a017-7db2930a7e4a ::Received request :: POST ::::{"email":"nhatchelsea2604@gmail.com"} 
2025-01-22 09:43:58 ::info ::/v1/api/user/new-user ::062cacdd-1d6a-4c64-a574-81ac51356298 ::Received request :: POST ::::{"email":"nhatchelsea2604@gmail.com"} 
2025-01-22 09:44:23 ::info ::/v1/api/user/verify-otp ::96d4048d-9620-44c1-be1f-b7429d225771 ::Received request :: POST ::::{"email":"nhatchelsea2604@gmail.com"} 
2025-01-22 09:46:01 ::info ::/v1/api/user/new-user ::8c3ae4c0-dae7-4f29-9510-22810d6e27b0 ::Received request :: POST ::::{"email":"nhatchelsea2604@gmail.com"} 
2025-01-22 09:46:18 ::info ::/v1/api/user/verify-otp ::77e055c0-ab00-4585-aeb1-0e1b9cc9023f ::Received request :: POST ::::{"email":"nhatchelsea2604@gmail.com"} 
2025-01-22 09:50:10 ::info ::/v1/api/user/new-user ::fa46a11a-4f3d-412b-bc6b-599cbb3ac2e4 ::Received request :: POST ::::{"email":"nhatchelsea2604@gmail.com"} 
2025-01-22 09:50:32 ::info ::/v1/api/user/verify-otp ::eaaaaa9f-11f9-445b-8495-e681fc134f29 ::Received request :: POST ::::{"email":"nhatchelsea2604@gmail.com"} 
2025-01-22 09:51:32 ::info ::/v1/api/user/new-user ::602d2fbf-4415-4e71-854b-8fd10bfce619 ::Received request :: POST ::::{"email":"nhatchelsea2604@gmail.com"} 
2025-01-22 09:52:10 ::info ::/v1/api/user/verify-otp ::49e3a6be-b3d5-4604-a88e-b8d1d2d14f55 ::Received request :: POST ::::{"email":"nhatchelsea2604@gmail.com"} 
2025-01-22 09:52:56 ::info ::/v1/api/user/new-user ::4e50ca60-907f-480a-973d-5709de4e7849 ::Received request :: POST ::::{"email":"nhatchelsea2604@gmail.com"} 
2025-01-22 09:53:15 ::info ::/v1/api/user/verify-otp ::9cdeeaf7-c763-4c81-b992-450ca377e554 ::Received request :: POST ::::{"email":"nhatchelsea2604@gmail.com"} 
2025-01-22 09:56:31 ::info ::/v1/api/user/new-user ::588e0875-3b96-4c36-984a-ac35c5355ec2 ::Received request :: POST ::::{"email":"nhatchelsea2604@gmail.com"} 
2025-01-22 09:56:54 ::info ::/v1/api/user/verify-otp ::e4b38631-b416-4a90-9cc6-8fc55b38f09d ::Received request :: GET ::::{"token":"***REDACTED***"} 
2025-01-22 09:56:54 ::error ::/v1/api/user/verify-otp ::e4b38631-b416-4a90-9cc6-8fc55b38f09d ::undefined - 8ms - Response :: {}  ::{"message":"token is not defined"} 
2025-01-22 09:58:56 ::info ::/v1/api/user/new-user ::5096139b-95c4-4d66-a1fd-d694beae9941 ::Received request :: POST ::::{"email":"nhatchelsea2604@gmail.com"} 
2025-01-22 09:59:17 ::info ::/v1/api/user/verify-otp ::4cb2e2eb-d382-4f8d-b2c4-7c1cb6a7f7e4 ::Received request :: GET ::::{"token":"***REDACTED***"} 
2025-01-22 09:59:17 ::error ::/v1/api/user/verify-otp ::4cb2e2eb-d382-4f8d-b2c4-7c1cb6a7f7e4 ::undefined - 18ms - Response :: {}  ::{"message":"otp_email is not defined"} 
2025-01-22 09:59:42 ::info ::/v1/api/user/new-user ::b8c1ac88-8eb6-44e4-a677-fe35b4178bf0 ::Received request :: POST ::::{"email":"nhatchelsea2604@gmail.com"} 
2025-01-22 10:00:00 ::info ::/v1/api/user/verify-otp ::72e7f2d8-67e4-4bf7-b3a8-6b9ac8f8010b ::Received request :: GET ::::{"token":"***REDACTED***"} 
2025-01-22 10:00:01 ::error ::/v1/api/user/verify-otp ::72e7f2d8-67e4-4bf7-b3a8-6b9ac8f8010b ::undefined - 18ms - Response :: {}  ::{"message":"bcrypt is not defined"} 
2025-01-22 10:00:58 ::info ::/v1/api/user/new-user ::47141614-dc7f-40ac-a1f7-d746428ae17e ::Received request :: POST ::::{"email":"nhatchelsea2604@gmail.com"} 
2025-01-22 10:01:21 ::info ::/v1/api/user/verify-otp ::e7be1d3e-5296-427d-a8a9-1fb34056f1a3 ::Received request :: GET ::::{"token":"***REDACTED***"} 
2025-01-22 10:01:21 ::error ::/v1/api/user/verify-otp ::e7be1d3e-5296-427d-a8a9-1fb34056f1a3 ::undefined - 78ms - Response :: {}  ::{"message":"uuid is not a function"} 
2025-01-22 10:02:11 ::info ::/v1/api/user/new-user ::f30aa92e-bb98-4909-95bb-ea56bda7bea2 ::Received request :: POST ::::{"email":"nhatchelsea2604@gmail.com"} 
2025-01-22 10:02:31 ::info ::/v1/api/user/verify-otp ::cbbcf867-b695-4b58-9261-62f2c7fcad36 ::Received request :: GET ::::{"token":"***REDACTED***"} 
2025-01-22 10:02:31 ::error ::/v1/api/user/verify-otp ::cbbcf867-b695-4b58-9261-62f2c7fcad36 ::undefined - 98ms - Response :: {"errors":{"usr_id":{"stringValue":"\"ab4e4eb7-19df-44bf-9b40-8f49703eea9b\"","valueType":"string","kind":"Number","value":"ab4e4eb7-19df-44bf-9b40-8f49703eea9b","path":"usr_id","reason":{"generatedMessage":true,"code":"ERR_ASSERTION","actual":false,"expected":true,"operator":"=="},"name":"CastError","message":"Cast to Number failed for value \"ab4e4eb7-19df-44bf-9b40-8f49703eea9b\" (type string) at path \"usr_id\""},"usr_role":{"stringValue":"\"user\"","valueType":"string","kind":"ObjectId","value":"user","path":"usr_role","reason":{},"name":"CastError","message":"Cast to ObjectId failed for value \"user\" (type string) at path \"usr_role\" because of \"BSONError\""}},"_message":"User validation failed","name":"ValidationError","message":"User validation failed: usr_id: Cast to Number failed for value \"ab4e4eb7-19df-44bf-9b40-8f49703eea9b\" (type string) at path \"usr_id\", usr_role: Cast to ObjectId failed for value \"user\" (type string) at path \"usr_role\" because of \"BSONError\""}  ::{"message":"User validation failed: usr_id: Cast to Number failed for value \"ab4e4eb7-19df-44bf-9b40-8f49703eea9b\" (type string) at path \"usr_id\", usr_role: Cast to ObjectId failed for value \"user\" (type string) at path \"usr_role\" because of \"BSONError\""} 
2025-01-22 10:03:41 ::info ::/v1/api/user/new-user ::f88c4497-3296-446a-8c26-af5d48225ee3 ::Received request :: POST ::::{"email":"nhatchelsea2604@gmail.com"} 
2025-01-22 10:03:57 ::info ::/v1/api/user/verify-otp ::daedc172-c784-4e87-9ec4-65e70165f145 ::Received request :: GET ::::{"token":"***REDACTED***"} 
2025-01-22 10:03:57 ::error ::/v1/api/user/verify-otp ::daedc172-c784-4e87-9ec4-65e70165f145 ::undefined - 79ms - Response :: {"errors":{"usr_role":{"stringValue":"\"user\"","valueType":"string","kind":"ObjectId","value":"user","path":"usr_role","reason":{},"name":"CastError","message":"Cast to ObjectId failed for value \"user\" (type string) at path \"usr_role\" because of \"BSONError\""}},"_message":"User validation failed","name":"ValidationError","message":"User validation failed: usr_role: Cast to ObjectId failed for value \"user\" (type string) at path \"usr_role\" because of \"BSONError\""}  ::{"message":"User validation failed: usr_role: Cast to ObjectId failed for value \"user\" (type string) at path \"usr_role\" because of \"BSONError\""} 
2025-01-22 10:05:02 ::info ::/v1/api/user/new-user ::52f9e738-9403-4204-a29e-009125c635f6 ::Received request :: POST ::::{"email":"nhatchelsea2604@gmail.com"} 
2025-01-22 10:05:21 ::info ::/v1/api/user/verify-otp ::da88eebe-7f50-4c90-90d8-6b46ba4b360c ::Received request :: GET ::::{"token":"***REDACTED***"} 
2025-01-22 10:05:21 ::error ::/v1/api/user/verify-otp ::da88eebe-7f50-4c90-90d8-6b46ba4b360c ::undefined - 88ms - Response :: {"stringValue":"\"1\"","valueType":"number","kind":"ObjectId","value":1,"path":"user","reason":{},"name":"CastError","message":"Cast to ObjectId failed for value \"1\" (type number) at path \"user\" for model \"KeyToken\""}  ::{"message":"Cast to ObjectId failed for value \"1\" (type number) at path \"user\" for model \"KeyToken\""} 
2025-01-22 10:06:49 ::info ::/v1/api/user/new-user ::7346b6c0-3495-4aed-bf04-cac984c85868 ::Received request :: POST ::::{"email":"nhatchelsea2604@gmail.com"} 
2025-01-22 10:07:10 ::info ::/v1/api/user/verify-otp ::79ee944e-b1af-4253-b62d-26c3a0e532f4 ::Received request :: GET ::::{"token":"***REDACTED***"} 
2025-01-22 10:07:10 ::error ::/v1/api/user/verify-otp ::79ee944e-b1af-4253-b62d-26c3a0e532f4 ::undefined - 91ms - Response :: {"stringValue":"\"1\"","valueType":"string","kind":"ObjectId","value":"1","path":"user","reason":{},"name":"CastError","message":"Cast to ObjectId failed for value \"1\" (type string) at path \"user\" for model \"KeyToken\""}  ::{"message":"Cast to ObjectId failed for value \"1\" (type string) at path \"user\" for model \"KeyToken\""} 
2025-01-22 10:07:30 ::info ::/v1/api/user/new-user ::182e7b00-e542-48f2-a041-5f82792280e0 ::Received request :: POST ::::{"email":"nhatchelsea2604@gmail.com"} 
2025-01-22 10:07:30 ::error ::/v1/api/user/new-user ::182e7b00-e542-48f2-a041-5f82792280e0 ::409 - 17ms - Response :: {"status":409}  ::{"message":"Email already exist"} 
2025-01-22 10:08:08 ::info ::/v1/api/user/new-user ::eb57f703-6091-4834-93cc-d12b96fb0bfa ::Received request :: POST ::::{"email":"nhatchelsea2604@gmail.com"} 
2025-01-22 10:08:29 ::info ::/v1/api/user/verify-otp ::54b6d2fc-a90c-4f68-8b58-6964bb545dc0 ::Received request :: GET ::::{"token":"***REDACTED***"} 
2025-01-22 10:08:29 ::error ::/v1/api/user/verify-otp ::54b6d2fc-a90c-4f68-8b58-6964bb545dc0 ::undefined - 86ms - Response :: {"stringValue":"\"a426e193-2368-4a72-86d1-0042b1afd6d4\"","valueType":"string","kind":"ObjectId","value":"a426e193-2368-4a72-86d1-0042b1afd6d4","path":"user","reason":{},"name":"CastError","message":"Cast to ObjectId failed for value \"a426e193-2368-4a72-86d1-0042b1afd6d4\" (type string) at path \"user\" for model \"KeyToken\""}  ::{"message":"Cast to ObjectId failed for value \"a426e193-2368-4a72-86d1-0042b1afd6d4\" (type string) at path \"user\" for model \"KeyToken\""} 
2025-01-22 10:11:58 ::info ::/v1/api/user/new-user ::d1e9c61c-cc29-476c-8343-a93ba163d55d ::Received request :: POST ::::{"email":"nhatchelsea2604@gmail.com"} 
2025-01-22 10:11:58 ::error ::/v1/api/user/new-user ::d1e9c61c-cc29-476c-8343-a93ba163d55d ::409 - 16ms - Response :: {"status":409}  ::{"message":"Email already exist"} 
2025-01-22 10:12:17 ::info ::/v1/api/user/new-user ::f0b18087-8d53-48d3-98e7-1883c163ebfe ::Received request :: POST ::::{"email":"nhatchelsea2604@gmail.com"} 
2025-01-22 10:12:35 ::info ::/v1/api/user/verify-otp ::f4a0dc11-859c-4655-b558-8eed699ea3ac ::Received request :: GET ::::{"token":"***REDACTED***"} 
2025-01-22 10:12:35 ::error ::/v1/api/user/verify-otp ::f4a0dc11-859c-4655-b558-8eed699ea3ac ::undefined - 84ms - Response :: {}  ::{"message":"Class constructor ObjectId cannot be invoked without 'new'"} 
2025-01-22 10:17:14 ::info ::/v1/api/user/new-user ::ec904bd0-7ecd-4683-ac90-881bdabaab82 ::Received request :: POST ::::{"email":"nhatchelsea2604@gmail.com"} 
2025-01-22 10:17:14 ::error ::/v1/api/user/new-user ::ec904bd0-7ecd-4683-ac90-881bdabaab82 ::409 - 20ms - Response :: {"status":409}  ::{"message":"Email already exist"} 
2025-01-22 10:17:27 ::info ::/v1/api/user/new-user ::0d22abf1-2f48-4e9e-aa34-a1a18a754d1e ::Received request :: POST ::::{"email":"nhatchelsea2604@gmail.com"} 
2025-01-22 10:17:44 ::info ::/v1/api/user/verify-otp ::f8cf4a83-55a7-4d1b-94ff-6374e1058dc0 ::Received request :: GET ::::{"token":"***REDACTED***"} 
2025-01-22 10:17:44 ::error ::/v1/api/user/verify-otp ::f8cf4a83-55a7-4d1b-94ff-6374e1058dc0 ::undefined - 82ms - Response :: {}  ::{"message":"Class constructor ObjectId cannot be invoked without 'new'"} 
